
> mom-restaurant-new@0.1.0 build
> next build

โ–ฒ Next.js 16.2.1 (Turbopack)
- Environments: .env.local

  Creating an optimized production build ...
โ“ Compiled successfully in 1853ms
  Running TypeScript ...
  Finished TypeScript in 1120ms ...
  Collecting page data using 7 workers ...
  Generating static pages using 7 workers (0/6) ...
  Generating static pages using 7 workers (1/6) 
  Generating static pages using 7 workers (2/6) 
  Generating static pages using 7 workers (4/6) 
โ“ Generating static pages using 7 workers (6/6) in 568ms
  Finalizing page optimization ...

Route (app)
โ” โ— /
โ” โ— /admin
โ” โ— /menu
โ”” โ— /_not-found


โ—  (Static)  prerendered as static content

